No path found between <stack> and <stack>, cannot report error without location

Error[E-L_OUTLV_VIOL]: Lifetime violation between *<outer arena> and *<stack>
at compile/lang_tests/lifetimes/stack/addr_of_stack_lifetimes.rna:8:37:8:46
  :     let invalid_outer: int *arena = i_outer.&;
  :                                     ^^^^^^^^^ Conflict root
  .
 ... caused by
  -> Outer function *arena outlives all function *<stack> lifetimes
  :
 == Note: Relevant '*<stack>' lifetime is for this block
  :         v
  : fun g() {
  :  ... (2 more lines) ...
  : }
  : ^  --- addr_of_stack_lifetimes.rna:6:9
  .
 ... caused by
  -> addr_of_stack_lifetimes.rna:8:37
  :     let invalid_outer: int *arena = i_outer.&;
  :                                     ^^^^^^^^^ pointer assignment
  :
 == Note: Pointee 'int' is lifetime-permissive, its lifetime may be shortened.


Error[E-L_OUTLV_VIOL]: Lifetime violation between *<stack> and *<outer arena>
at compile/lang_tests/lifetimes/stack/addr_of_stack_lifetimes.rna:29:41:29:50
  :         let invalid_inner: int *arena = i_inner.&;
  :                                         ^^^^^^^^^ Conflict root
