
Error[E-L_OUTLV_VIOL]: Lifetime violation: *<outer arena> must outlive *<stack>, but found conflict
at compile/lang_tests/lifetimes/stack/stack_as_arena.rna:1:23:5:2
  :                       v
  : fun f(p1: int *arena) {
  :  ... (3 more lines) ...
  : }
  : ^ Conflict root
  .
 ... caused by
  -> compile/lang_tests/lifetimes/stack/stack_as_arena.rna:1:23
  :                       v
  : fun f(p1: int *arena) {
  :  ... (3 more lines) ...
  : }
  : ^ Outer function *arena outlives all function *<stack> lifetimes
  .
 ... caused by
  -> compile/lang_tests/lifetimes/stack/stack_as_arena.rna:1:23
  :                       v
  : fun f(p1: int *arena) {
  :  ... (3 more lines) ...
  : }
  : ^ Outer function *arena outlives all function *<stack> lifetimes
