
Error[E-L_OUTLV_VIOL]: Lifetime violation between *<outer arena> and *<stack>
at compile/lang_tests/lifetimes/stack/stack_as_arena.rna:4:10:4:12
  :     p1 = p2;
  :          ^^ Conflict root
  .
 ... caused by
  -> Outer function *arena outlives all function *<stack> lifetimes
  :
 == Note: Relevant '*<stack>' lifetime is for this block
  :                       v
  : fun f(p1: int *arena) {
  :  ... (3 more lines) ...
  : }
  : ^  --- stack_as_arena.rna:1:23
  .
 ... caused by
  -> stack_as_arena.rna:4:10
  :     p1 = p2;
  :          ^^ pointer assignment
  :
 == Note: Pointee 'int' is lifetime-permissive, its lifetime may be shortened.
