
Error[E-L_OUTLV_VIOL]: Lifetime violation between *<stack> and *<stack>
at compile/lang_tests/lifetimes/stack/stack_nesting.rna:6:17:6:22
  :         outer = inner;
  :                 ^^^^^ Conflict root
  .
 ... caused by
  -> Outer block *<stack> outlives inner block *<stack> lifetime
  :
 == Note: Relevant '*<stack>' lifetime is for this block
  :     v
  :     {
  :  ... (3 more lines) ...
  :     }
  : ^^^^^  --- stack_nesting.rna:3:5
  .
 ... caused by
  -> stack_nesting.rna:6:17
  :         outer = inner;
  :                 ^^^^^ pointer assignment
  :
 == Note: Pointee 'int' is lifetime-permissive, its lifetime may be shortened.


Error[E-L_OUTLV_VIOL]: Lifetime violation between *<stack> and *<stack>
at compile/lang_tests/lifetimes/stack/stack_nesting.rna:24:17:24:22
  :         outer = inner;
  :                 ^^^^^ Conflict root
  .
 ... caused by
  -> Outer block *<stack> outlives inner block *<stack> lifetime
  :
 == Note: Relevant '*<stack>' lifetime is for this block
  :     v
  :     {
  :  ... (4 more lines) ...
  :     }
  : ^^^^^  --- stack_nesting.rna:21:5
  .
 ... caused by
  -> stack_nesting.rna:24:17
  :         outer = inner;
  :                 ^^^^^ pointer assignment
  :
 == Note: Pointee 'int' is lifetime-permissive, its lifetime may be shortened.
