
Error[E-T_NOT_INTGL]: Expected an integral type, but got bool
at compile/lang_tests/typechecking/literals/int_literal.rna:34:20:34:21
  :     let b1: bool = 0; // E-T_NOT_INTGL
  :                    ^ Type is not an integral type
int_literal.rna:34:20
  :     let b1: bool = 0; // E-T_NOT_INTGL
  :                    ^ expression has type bool


Error[E-T_NOT_INTGL]: Expected an integral type, but got bool
at compile/lang_tests/typechecking/literals/int_literal.rna:35:20:35:21
  :     let b2: bool = 1; // E-T_NOT_INTGL
  :                    ^ Type is not an integral type
int_literal.rna:35:20
  :     let b2: bool = 1; // E-T_NOT_INTGL
  :                    ^ expression has type bool


Error[E-T_NOT_INTGL]: Expected an integral type, but got bool
at compile/lang_tests/typechecking/literals/int_literal.rna:36:20:36:23
  :     let b3: bool = 123; // E-T_NOT_INTGL
  :                    ^^^ Type is not an integral type
int_literal.rna:36:20
  :     let b3: bool = 123; // E-T_NOT_INTGL
  :                    ^^^ expression has type bool


Error[E-T_NOT_INTGL]: Expected an integral type, but got bool
at compile/lang_tests/typechecking/literals/int_literal.rna:37:20:37:25
  :     let b4: bool = 0x123; // E-T_NOT_INTGL
  :                    ^^^^^ Type is not an integral type
int_literal.rna:37:20
  :     let b4: bool = 0x123; // E-T_NOT_INTGL
  :                    ^^^^^ expression has type bool


Error[E-T_NOT_INTGL]: Expected an integral type, but got bool
at compile/lang_tests/typechecking/literals/int_literal.rna:38:20:38:25
  :     let b5: bool = 8x123; // E-T_NOT_INTGL
  :                    ^^^^^ Type is not an integral type
int_literal.rna:38:20
  :     let b5: bool = 8x123; // E-T_NOT_INTGL
  :                    ^^^^^ expression has type bool


Error[E-T_NOT_INTGL]: Expected an integral type, but got bool
at compile/lang_tests/typechecking/literals/int_literal.rna:39:20:39:24
  :     let b6: bool = 0b01; // E-T_NOT_INTGL
  :                    ^^^^ Type is not an integral type
int_literal.rna:39:20
  :     let b6: bool = 0b01; // E-T_NOT_INTGL
  :                    ^^^^ expression has type bool


Error[E-T_NOT_INTGL]: Expected an integral type, but got double64
at compile/lang_tests/typechecking/literals/int_literal.rna:41:24:41:25
  :     let d1: double64 = 1; // E-T_NOT_INTGL
  :                        ^ Type is not an integral type
int_literal.rna:41:24
  :     let d1: double64 = 1; // E-T_NOT_INTGL
  :                        ^ expression has type double64


Error[E-T_NOT_INTGL]: Expected an integral type, but got char const*<free>
at compile/lang_tests/typechecking/literals/int_literal.rna:42:27:42:28
  :     let c1: char const* = 1; // E-T_NOT_INTGL
  :                           ^ Type is not an integral type
int_literal.rna:42:27
  :     let c1: char const* = 1; // E-T_NOT_INTGL
  :                           ^ expression has type char const*<free>


Error[E-T_NOT_INTGL]: Expected an integral type, but got char
at compile/lang_tests/typechecking/literals/int_literal.rna:43:20:43:21
  :     let c2: char = 1; // E-T_NOT_INTGL
  :                    ^ Type is not an integral type
int_literal.rna:43:20
  :     let c2: char = 1; // E-T_NOT_INTGL
  :                    ^ expression has type char


Error[E-T_LIT_OOR]: Literal value can not be represented as int for variable 'i3'
at compile/lang_tests/typechecking/literals/int_literal.rna:49:19:49:32
  :     let i3: int = 2'147'483'648; // E-T_LIT_OOR
  :                   ^^^^^^^^^^^^^ Literal out of range here
int_literal.rna:49:5
  :     vvvvvvvvvvvvvvvvvvvvvvvvvvvvvvvvvvvvvvvvvvv
  :     let i3: int = 2'147'483'648; // E-T_LIT_OOR
  :  ... (1 more lines) ...
  :     // let i5: int = -2'147'483'649; // E-T_LIT_OOR
  : ^^^^^^^^^^^^^^^^^^^^^^^^^^^^^^^^^^^^^^^^^^^^^^^^^^^ required by variable 'i3'


Error[E-T_LIT_OOR]: Literal value can not be represented as byte for variable 'b4'
at compile/lang_tests/typechecking/literals/int_literal.rna:61:20:61:23
  :     let b4: byte = 256; // E-T_LIT_OOR
  :                    ^^^ Literal out of range here
int_literal.rna:61:5
  :     vvvvvvvvvvvvvvvvvvvvvvvvvvvvvvvvvv
  :     let b4: byte = 256; // E-T_LIT_OOR
  :     // let b5: byte = -1; // E-T_LIT_OOR
  : ^^^^^^^^^^^^^^^^^^^^^^^^^^^^^^^^^^^^^^^^ required by variable 'b4'


Error[E-T_LIT_OOR]: Literal value can not be represented as short for variable 's4'
at compile/lang_tests/typechecking/literals/int_literal.rna:66:21:66:26
  :     let s4: short = 32768; // E-T_LIT_OOR
  :                     ^^^^^ Literal out of range here
int_literal.rna:66:5
  :     vvvvvvvvvvvvvvvvvvvvvvvvvvvvvvvvvvvvv
  :     let s4: short = 32768; // E-T_LIT_OOR
  :  ... (1 more lines) ...
  :     // let s5: short = -32769; // E-T_LIT_OOR
  : ^^^^^^^^^^^^^^^^^^^^^^^^^^^^^^^^^^^^^^^^^^^^^ required by variable 's4'


Error[E-T_LIT_OOR]: Literal value can not be represented as ushort for variable 'us4'
at compile/lang_tests/typechecking/literals/int_literal.rna:72:23:72:28
  :     let us4: ushort = 65536; // E-T_LIT_OOR
  :                       ^^^^^ Literal out of range here
int_literal.rna:72:5
  :     vvvvvvvvvvvvvvvvvvvvvvvvvvvvvvvvvvvvvvv
  :     let us4: ushort = 65536; // E-T_LIT_OOR
  :     // let us5: ushort = -1; // E-T_LIT_OOR
  : ^^^^^^^^^^^^^^^^^^^^^^^^^^^^^^^^^^^^^^^^^^^ required by variable 'us4'


Error[E-T_LIT_OOR]: Literal value can not be represented as long for variable 'l4'
at compile/lang_tests/typechecking/literals/int_literal.rna:77:20:77:45
  :     let l4: long = 9'223'372'036'854'775'808; // E-T_LIT_OOR
  :                    ^^^^^^^^^^^^^^^^^^^^^^^^^ Literal out of range here
int_literal.rna:77:5
  :     vvvvvvvvvvvvvvvvvvvvvvvvvvvvvvvvvvvvvvvvvvvvvvvvvvvvvvvv
  :     let l4: long = 9'223'372'036'854'775'808; // E-T_LIT_OOR
  :  ... (1 more lines) ...
  :     // let l6: long = -9'223'372'036'854'775'809; // E-T_LIT_OOR
  : ^^^^^^^^^^^^^^^^^^^^^^^^^^^^^^^^^^^^^^^^^^^^^^^^^^^^^^^^^^^^^^^^ required by variable 'l4'


Error[E-T_LIT_OOR]: Literal value can not be represented as ssize for variable 'z4'
at compile/lang_tests/typechecking/literals/int_literal.rna:88:21:88:46
  :     let z4: ssize = 9'223'372'036'854'775'808; // E-T_LIT_OOR
  :                     ^^^^^^^^^^^^^^^^^^^^^^^^^ Literal out of range here
int_literal.rna:88:5
  :     vvvvvvvvvvvvvvvvvvvvvvvvvvvvvvvvvvvvvvvvvvvvvvvvvvvvvvvvv
  :     let z4: ssize = 9'223'372'036'854'775'808; // E-T_LIT_OOR
  :  ... (1 more lines) ...
  :     // let z6: ssize = -9'223'372'036'854'775'809; // E-T_LIT_OOR
  : ^^^^^^^^^^^^^^^^^^^^^^^^^^^^^^^^^^^^^^^^^^^^^^^^^^^^^^^^^^^^^^^^^ required by variable 'z4'
