
Error[E-L_OUTLV_VIOL]: Lifetime violation: *<outer arena> must outlive *<arena>, but found conflict
at compile/lang_tests/lifetimes/arena/nested_arenas.rna:4:5:8:6
  :     vvvvvvv
  :     arena {
  :  ... (3 more lines) ...
  :     }
  : ^^^^^ Conflict root
  .
 ... caused by
  -> compile/lang_tests/lifetimes/arena/nested_arenas.rna:4:5
  :     vvvvvvv
  :     arena {
  :  ... (3 more lines) ...
  :     }
  : ^^^^^ Outer *arena outlives nested *arena lifetime
  .
 ... caused by
  -> compile/lang_tests/lifetimes/arena/nested_arenas.rna:4:5
  :     vvvvvvv
  :     arena {
  :  ... (3 more lines) ...
  :     }
  : ^^^^^ Outer *arena outlives nested *arena lifetime
