
Error[E-L_OUTLV_VIOL]: Lifetime violation between *<outer arena> and *<arena>
at compile/lang_tests/lifetimes/arena/nested_arenas.rna:7:19:7:26
  :         p_outer = p_inner;
  :                   ^^^^^^^ Conflict root
  .
 ... caused by
  -> Outer *arena outlives nested *arena lifetime
  :
 == Note: Nested '*arena' defined here
  :     vvvvvvv
  :     arena {
  :  ... (3 more lines) ...
  :     }
  : ^^^^^  --- nested_arenas.rna:4:5
  .
 ... caused by
  -> nested_arenas.rna:7:19
  :         p_outer = p_inner;
  :                   ^^^^^^^ pointer assignment
  :
 == Note: Pointee 'int' is lifetime-permissive, its lifetime may be shortened.
