No path found between <outer arena> and <stack>, cannot report error without location

Error[E-L_OUTLV_VIOL]: Lifetime violation between *<stack> and *static
at compile/lang_tests/lifetimes/free/assigned_stack.rna:5:28:5:29
  :     let bad: int *static = p;
  :                            ^ Conflict root
