No path found between <outer arena> and <stack>, cannot report error without location

Error[E-L_OUTLV_VIOL]: Lifetime violation between *<stack> and *static
at compile/lang_tests/lifetimes/free/long_chain.rna:18:27:18:29
  :     let p5: int *static = p4;
  :                           ^^ Conflict root
