
Error[E-L_ESC_STACK]: Pointer value with stack lifetime escapes the function stack
at compile/lang_tests/lifetimes/lifetime_strict/struct_ptr.rna:6:10:6:12
  :     p2 = p1;
  :          ^^ Escape occurs here
  :
  : Conflicting lifetime requirements:
  : 1. Lifetime '*stack' must match '*arena<ctx>'
  : 2. Lifetime '*arena<ctx>' must outlive '*stack'
  .
 ... caused by 1.
  -> 'SomeStruct*arena<ctx>' assigned to pointer with lifetime '*stack'
  :
 == note: pointee 'SomeStruct' is lifetime-strict cannot have its lifetime shortened.
 == help: try using a const pointer to make this lifetime-permissive.
  .
 ... caused by 2.
  -> '*arena<ctx>' lifetime is greater than '*stack'
  :
 == note: involving '*stack' lifetime for this function block
  : fun f(p1: SomeStruct *arena) {
  :                              ^  --- struct_ptr.rna:3:30
