
Error[E-T_CALL_WRG_ARGC]: Incorrect number of arguments in call to function 'f1', expected 1 but got 0
at compile/lang_tests/typechecking/calls/call_toofew.rna:7:5:7:9
  :     f1();
  :     ^^^^ In function call expression here


Error[E-T_CALL_WRG_ARGC]: Incorrect number of arguments in call to function 'f2', expected 2 but got 0
at compile/lang_tests/typechecking/calls/call_toofew.rna:9:5:9:9
  :     f2();
  :     ^^^^ In function call expression here


Error[E-T_CALL_WRG_ARGC]: Incorrect number of arguments in call to function 'f2', expected 2 but got 1
at compile/lang_tests/typechecking/calls/call_toofew.rna:10:5:10:10
  :     f2(x);
  :     ^^^^^ In function call expression here


Error[E-T_CALL_WRG_ARGC]: Incorrect number of arguments in call to function 'f3', expected 3 but got 0
at compile/lang_tests/typechecking/calls/call_toofew.rna:12:5:12:9
  :     f3();
  :     ^^^^ In function call expression here


Error[E-T_CALL_WRG_ARGC]: Incorrect number of arguments in call to function 'f3', expected 3 but got 1
at compile/lang_tests/typechecking/calls/call_toofew.rna:13:5:13:10
  :     f3(x);
  :     ^^^^^ In function call expression here


Error[E-T_CALL_WRG_ARGC]: Incorrect number of arguments in call to function 'f3', expected 3 but got 2
at compile/lang_tests/typechecking/calls/call_toofew.rna:14:5:14:13
  :     f3(x, x);
  :     ^^^^^^^^ In function call expression here


Error[E-T_CALL_WRG_ARGC]: Incorrect number of arguments in call to function 'f4', expected 4 but got 0
at compile/lang_tests/typechecking/calls/call_toofew.rna:16:5:16:9
  :     f4();
  :     ^^^^ In function call expression here


Error[E-T_CALL_WRG_ARGC]: Incorrect number of arguments in call to function 'f4', expected 4 but got 1
at compile/lang_tests/typechecking/calls/call_toofew.rna:17:5:17:10
  :     f4(x);
  :     ^^^^^ In function call expression here


Error[E-T_CALL_WRG_ARGC]: Incorrect number of arguments in call to function 'f4', expected 4 but got 2
at compile/lang_tests/typechecking/calls/call_toofew.rna:18:5:18:13
  :     f4(x, x);
  :     ^^^^^^^^ In function call expression here


Error[E-T_CALL_WRG_ARGC]: Incorrect number of arguments in call to function 'f4', expected 4 but got 3
at compile/lang_tests/typechecking/calls/call_toofew.rna:19:5:19:16
  :     f4(x, x, x);
  :     ^^^^^^^^^^^ In function call expression here
