
Error[E-T_ASGN_NOREL]: Expected int but got bool in variable 'b'
at compile/lang_tests/typechecking/calls/call_wrongarg.rna:14:14:14:15
  :     take_int(b);
  :              ^ type mismatch
  .
 == Note: expected type int based on argument 1
  :     take_int(b);
  :     ^^^^^^^^^^^  --- compile/lang_tests/typechecking/calls/call_wrongarg.rna:14:5
  .
 == Note: got conflicting type bool for variable 'b'
  : fun f(i: int, b: bool, s: SomeStruct) {
  :               ^^^^^^^  --- compile/lang_tests/typechecking/calls/call_wrongarg.rna:13:15


Error[E-T_ASGN_NOREL]: Expected int but got SomeStruct in variable 's'
at compile/lang_tests/typechecking/calls/call_wrongarg.rna:15:14:15:15
  :     take_int(s);
  :              ^ type mismatch
  .
 == Note: expected type int based on argument 1
  :     take_int(s);
  :     ^^^^^^^^^^^  --- compile/lang_tests/typechecking/calls/call_wrongarg.rna:15:5
  .
 == Note: got conflicting type SomeStruct for variable 's'
  : fun f(i: int, b: bool, s: SomeStruct) {
  :                        ^^^^^^^^^^^^^  --- compile/lang_tests/typechecking/calls/call_wrongarg.rna:13:24


Error[E-T_CANT_DEREF]: Expected a dereferenceable type, but got int
at compile/lang_tests/typechecking/calls/call_wrongarg.rna:16:14:16:17
  :     take_int(i.&);
  :              ^^^ Pointer dereference with '.*'
compile/lang_tests/typechecking/calls/call_wrongarg.rna:16:14
  :     take_int(i.&);
  :              ^^^ expression has type int


Error[E-T_ASGN_NOREL]: Expected int but got <error>*<stack> in here
at compile/lang_tests/typechecking/calls/call_wrongarg.rna:16:14:16:17
  :     take_int(i.&);
  :              ^^^ type mismatch
  .
 == Note: expected type int based on argument 1
  :     take_int(i.&);
  :     ^^^^^^^^^^^^^  --- compile/lang_tests/typechecking/calls/call_wrongarg.rna:16:5
  .
 == Note: got conflicting type <error>*<stack> for here
  :     take_int(i.&);
  :              ^^^  --- compile/lang_tests/typechecking/calls/call_wrongarg.rna:16:14


Error[E-T_CANT_DEREF]: Expected a dereferenceable type, but got int
at compile/lang_tests/typechecking/calls/call_wrongarg.rna:17:14:17:17
  :     take_int(b.&);
  :              ^^^ Pointer dereference with '.*'
compile/lang_tests/typechecking/calls/call_wrongarg.rna:17:14
  :     take_int(b.&);
  :              ^^^ expression has type int


Error[E-T_ASGN_NOREL]: Expected int but got <error>*<stack> in here
at compile/lang_tests/typechecking/calls/call_wrongarg.rna:17:14:17:17
  :     take_int(b.&);
  :              ^^^ type mismatch
  .
 == Note: expected type int based on argument 1
  :     take_int(b.&);
  :     ^^^^^^^^^^^^^  --- compile/lang_tests/typechecking/calls/call_wrongarg.rna:17:5
  .
 == Note: got conflicting type <error>*<stack> for here
  :     take_int(b.&);
  :              ^^^  --- compile/lang_tests/typechecking/calls/call_wrongarg.rna:17:14


Error[E-T_CANT_DEREF]: Expected a dereferenceable type, but got int
at compile/lang_tests/typechecking/calls/call_wrongarg.rna:18:14:18:17
  :     take_int(s.&);
  :              ^^^ Pointer dereference with '.*'
compile/lang_tests/typechecking/calls/call_wrongarg.rna:18:14
  :     take_int(s.&);
  :              ^^^ expression has type int


Error[E-T_ASGN_NOREL]: Expected int but got <error>*<stack> in here
at compile/lang_tests/typechecking/calls/call_wrongarg.rna:18:14:18:17
  :     take_int(s.&);
  :              ^^^ type mismatch
  .
 == Note: expected type int based on argument 1
  :     take_int(s.&);
  :     ^^^^^^^^^^^^^  --- compile/lang_tests/typechecking/calls/call_wrongarg.rna:18:5
  .
 == Note: got conflicting type <error>*<stack> for here
  :     take_int(s.&);
  :              ^^^  --- compile/lang_tests/typechecking/calls/call_wrongarg.rna:18:14


Error[E-T_ASGN_NOREL]: Expected bool but got int in variable 'i'
at compile/lang_tests/typechecking/calls/call_wrongarg.rna:20:15:20:16
  :     take_bool(i);
  :               ^ type mismatch
  .
 == Note: expected type bool based on argument 1
  :     take_bool(i);
  :     ^^^^^^^^^^^^  --- compile/lang_tests/typechecking/calls/call_wrongarg.rna:20:5
  .
 == Note: got conflicting type int for variable 'i'
  : fun f(i: int, b: bool, s: SomeStruct) {
  :       ^^^^^^  --- compile/lang_tests/typechecking/calls/call_wrongarg.rna:13:7


Error[E-T_ASGN_NOREL]: Expected bool but got SomeStruct in variable 's'
at compile/lang_tests/typechecking/calls/call_wrongarg.rna:21:15:21:16
  :     take_bool(s);
  :               ^ type mismatch
  .
 == Note: expected type bool based on argument 1
  :     take_bool(s);
  :     ^^^^^^^^^^^^  --- compile/lang_tests/typechecking/calls/call_wrongarg.rna:21:5
  .
 == Note: got conflicting type SomeStruct for variable 's'
  : fun f(i: int, b: bool, s: SomeStruct) {
  :                        ^^^^^^^^^^^^^  --- compile/lang_tests/typechecking/calls/call_wrongarg.rna:13:24


Error[E-T_CANT_DEREF]: Expected a dereferenceable type, but got bool
at compile/lang_tests/typechecking/calls/call_wrongarg.rna:22:15:22:18
  :     take_bool(i.&);
  :               ^^^ Pointer dereference with '.*'
compile/lang_tests/typechecking/calls/call_wrongarg.rna:22:15
  :     take_bool(i.&);
  :               ^^^ expression has type bool


Error[E-T_ASGN_NOREL]: Expected bool but got <error>*<stack> in here
at compile/lang_tests/typechecking/calls/call_wrongarg.rna:22:15:22:18
  :     take_bool(i.&);
  :               ^^^ type mismatch
  .
 == Note: expected type bool based on argument 1
  :     take_bool(i.&);
  :     ^^^^^^^^^^^^^^  --- compile/lang_tests/typechecking/calls/call_wrongarg.rna:22:5
  .
 == Note: got conflicting type <error>*<stack> for here
  :     take_bool(i.&);
  :               ^^^  --- compile/lang_tests/typechecking/calls/call_wrongarg.rna:22:15


Error[E-T_CANT_DEREF]: Expected a dereferenceable type, but got bool
at compile/lang_tests/typechecking/calls/call_wrongarg.rna:23:15:23:18
  :     take_bool(b.&);
  :               ^^^ Pointer dereference with '.*'
compile/lang_tests/typechecking/calls/call_wrongarg.rna:23:15
  :     take_bool(b.&);
  :               ^^^ expression has type bool


Error[E-T_ASGN_NOREL]: Expected bool but got <error>*<stack> in here
at compile/lang_tests/typechecking/calls/call_wrongarg.rna:23:15:23:18
  :     take_bool(b.&);
  :               ^^^ type mismatch
  .
 == Note: expected type bool based on argument 1
  :     take_bool(b.&);
  :     ^^^^^^^^^^^^^^  --- compile/lang_tests/typechecking/calls/call_wrongarg.rna:23:5
  .
 == Note: got conflicting type <error>*<stack> for here
  :     take_bool(b.&);
  :               ^^^  --- compile/lang_tests/typechecking/calls/call_wrongarg.rna:23:15


Error[E-T_CANT_DEREF]: Expected a dereferenceable type, but got bool
at compile/lang_tests/typechecking/calls/call_wrongarg.rna:24:15:24:18
  :     take_bool(s.&);
  :               ^^^ Pointer dereference with '.*'
compile/lang_tests/typechecking/calls/call_wrongarg.rna:24:15
  :     take_bool(s.&);
  :               ^^^ expression has type bool


Error[E-T_ASGN_NOREL]: Expected bool but got <error>*<stack> in here
at compile/lang_tests/typechecking/calls/call_wrongarg.rna:24:15:24:18
  :     take_bool(s.&);
  :               ^^^ type mismatch
  .
 == Note: expected type bool based on argument 1
  :     take_bool(s.&);
  :     ^^^^^^^^^^^^^^  --- compile/lang_tests/typechecking/calls/call_wrongarg.rna:24:5
  .
 == Note: got conflicting type <error>*<stack> for here
  :     take_bool(s.&);
  :               ^^^  --- compile/lang_tests/typechecking/calls/call_wrongarg.rna:24:15


Error[E-T_ASGN_NOREL]: Expected SomeStruct but got int in variable 'i'
at compile/lang_tests/typechecking/calls/call_wrongarg.rna:26:17:26:18
  :     take_struct(i);
  :                 ^ type mismatch
  .
 == Note: expected type SomeStruct based on argument 1
  :     take_struct(i);
  :     ^^^^^^^^^^^^^^  --- compile/lang_tests/typechecking/calls/call_wrongarg.rna:26:5
  .
 == Note: got conflicting type int for variable 'i'
  : fun f(i: int, b: bool, s: SomeStruct) {
  :       ^^^^^^  --- compile/lang_tests/typechecking/calls/call_wrongarg.rna:13:7


Error[E-T_ASGN_NOREL]: Expected SomeStruct but got bool in variable 'b'
at compile/lang_tests/typechecking/calls/call_wrongarg.rna:27:17:27:18
  :     take_struct(b);
  :                 ^ type mismatch
  .
 == Note: expected type SomeStruct based on argument 1
  :     take_struct(b);
  :     ^^^^^^^^^^^^^^  --- compile/lang_tests/typechecking/calls/call_wrongarg.rna:27:5
  .
 == Note: got conflicting type bool for variable 'b'
  : fun f(i: int, b: bool, s: SomeStruct) {
  :               ^^^^^^^  --- compile/lang_tests/typechecking/calls/call_wrongarg.rna:13:15


Error[E-T_CANT_DEREF]: Expected a dereferenceable type, but got SomeStruct
at compile/lang_tests/typechecking/calls/call_wrongarg.rna:28:17:28:20
  :     take_struct(i.&);
  :                 ^^^ Pointer dereference with '.*'
compile/lang_tests/typechecking/calls/call_wrongarg.rna:28:17
  :     take_struct(i.&);
  :                 ^^^ expression has type SomeStruct


Error[E-T_ASGN_NOREL]: Expected SomeStruct but got <error>*<stack> in here
at compile/lang_tests/typechecking/calls/call_wrongarg.rna:28:17:28:20
  :     take_struct(i.&);
  :                 ^^^ type mismatch
  .
 == Note: expected type SomeStruct based on argument 1
  :     take_struct(i.&);
  :     ^^^^^^^^^^^^^^^^  --- compile/lang_tests/typechecking/calls/call_wrongarg.rna:28:5
  .
 == Note: got conflicting type <error>*<stack> for here
  :     take_struct(i.&);
  :                 ^^^  --- compile/lang_tests/typechecking/calls/call_wrongarg.rna:28:17


Error[E-T_CANT_DEREF]: Expected a dereferenceable type, but got SomeStruct
at compile/lang_tests/typechecking/calls/call_wrongarg.rna:29:17:29:20
  :     take_struct(b.&);
  :                 ^^^ Pointer dereference with '.*'
compile/lang_tests/typechecking/calls/call_wrongarg.rna:29:17
  :     take_struct(b.&);
  :                 ^^^ expression has type SomeStruct


Error[E-T_ASGN_NOREL]: Expected SomeStruct but got <error>*<stack> in here
at compile/lang_tests/typechecking/calls/call_wrongarg.rna:29:17:29:20
  :     take_struct(b.&);
  :                 ^^^ type mismatch
  .
 == Note: expected type SomeStruct based on argument 1
  :     take_struct(b.&);
  :     ^^^^^^^^^^^^^^^^  --- compile/lang_tests/typechecking/calls/call_wrongarg.rna:29:5
  .
 == Note: got conflicting type <error>*<stack> for here
  :     take_struct(b.&);
  :                 ^^^  --- compile/lang_tests/typechecking/calls/call_wrongarg.rna:29:17


Error[E-T_CANT_DEREF]: Expected a dereferenceable type, but got SomeStruct
at compile/lang_tests/typechecking/calls/call_wrongarg.rna:30:17:30:20
  :     take_struct(s.&);
  :                 ^^^ Pointer dereference with '.*'
compile/lang_tests/typechecking/calls/call_wrongarg.rna:30:17
  :     take_struct(s.&);
  :                 ^^^ expression has type SomeStruct


Error[E-T_ASGN_NOREL]: Expected SomeStruct but got <error>*<stack> in here
at compile/lang_tests/typechecking/calls/call_wrongarg.rna:30:17:30:20
  :     take_struct(s.&);
  :                 ^^^ type mismatch
  .
 == Note: expected type SomeStruct based on argument 1
  :     take_struct(s.&);
  :     ^^^^^^^^^^^^^^^^  --- compile/lang_tests/typechecking/calls/call_wrongarg.rna:30:5
  .
 == Note: got conflicting type <error>*<stack> for here
  :     take_struct(s.&);
  :                 ^^^  --- compile/lang_tests/typechecking/calls/call_wrongarg.rna:30:17


Error[E-T_PTR_NONPTR]: Expected a compatible pointer type, but got int in variable 'i'
at compile/lang_tests/typechecking/calls/call_wrongarg.rna:32:17:32:18
  :     take_intptr(i);
  :                 ^ pointer type mismatch
  .
 == Note: expected type int*<free> based on argument 1
  :     take_intptr(i);
  :     ^^^^^^^^^^^^^^  --- compile/lang_tests/typechecking/calls/call_wrongarg.rna:32:5
  .
 == Note: got conflicting type int for variable 'i'
  : fun f(i: int, b: bool, s: SomeStruct) {
  :       ^^^^^^  --- compile/lang_tests/typechecking/calls/call_wrongarg.rna:13:7


Error[E-T_PTR_NONPTR]: Expected a compatible pointer type, but got bool in variable 'b'
at compile/lang_tests/typechecking/calls/call_wrongarg.rna:33:17:33:18
  :     take_intptr(b);
  :                 ^ pointer type mismatch
  .
 == Note: expected type int*<free> based on argument 1
  :     take_intptr(b);
  :     ^^^^^^^^^^^^^^  --- compile/lang_tests/typechecking/calls/call_wrongarg.rna:33:5
  .
 == Note: got conflicting type bool for variable 'b'
  : fun f(i: int, b: bool, s: SomeStruct) {
  :               ^^^^^^^  --- compile/lang_tests/typechecking/calls/call_wrongarg.rna:13:15


Error[E-T_PTR_NONPTR]: Expected a compatible pointer type, but got SomeStruct in variable 's'
at compile/lang_tests/typechecking/calls/call_wrongarg.rna:34:17:34:18
  :     take_intptr(s);
  :                 ^ pointer type mismatch
  .
 == Note: expected type int*<free> based on argument 1
  :     take_intptr(s);
  :     ^^^^^^^^^^^^^^  --- compile/lang_tests/typechecking/calls/call_wrongarg.rna:34:5
  .
 == Note: got conflicting type SomeStruct for variable 's'
  : fun f(i: int, b: bool, s: SomeStruct) {
  :                        ^^^^^^^^^^^^^  --- compile/lang_tests/typechecking/calls/call_wrongarg.rna:13:24


Error[E-T_ASGN_NOREL]: Expected int but got bool in variable 'b'
at compile/lang_tests/typechecking/calls/call_wrongarg.rna:35:17:35:18
  :     take_intptr(b.&);
  :                 ^ type mismatch
  .
 == Note: expected type int based on dereferenced type
  :     take_intptr(b.&);
  :                 ^^^  --- compile/lang_tests/typechecking/calls/call_wrongarg.rna:35:17
  .
 == Note: got conflicting type bool for variable 'b'
  : fun f(i: int, b: bool, s: SomeStruct) {
  :               ^^^^^^^  --- compile/lang_tests/typechecking/calls/call_wrongarg.rna:13:15


Error[E-T_ASGN_NOREL]: Expected int but got SomeStruct in variable 's'
at compile/lang_tests/typechecking/calls/call_wrongarg.rna:36:17:36:18
  :     take_intptr(s.&);
  :                 ^ type mismatch
  .
 == Note: expected type int based on dereferenced type
  :     take_intptr(s.&);
  :                 ^^^  --- compile/lang_tests/typechecking/calls/call_wrongarg.rna:36:17
  .
 == Note: got conflicting type SomeStruct for variable 's'
  : fun f(i: int, b: bool, s: SomeStruct) {
  :                        ^^^^^^^^^^^^^  --- compile/lang_tests/typechecking/calls/call_wrongarg.rna:13:24


Error[E-T_PTR_NONPTR]: Expected a compatible pointer type, but got bool in variable 'b'
at compile/lang_tests/typechecking/calls/call_wrongarg.rna:38:18:38:19
  :     take_boolptr(b);
  :                  ^ pointer type mismatch
  .
 == Note: expected type bool*<free> based on argument 1
  :     take_boolptr(b);
  :     ^^^^^^^^^^^^^^^  --- compile/lang_tests/typechecking/calls/call_wrongarg.rna:38:5
  .
 == Note: got conflicting type bool for variable 'b'
  : fun f(i: int, b: bool, s: SomeStruct) {
  :               ^^^^^^^  --- compile/lang_tests/typechecking/calls/call_wrongarg.rna:13:15


Error[E-T_PTR_NONPTR]: Expected a compatible pointer type, but got int in variable 'i'
at compile/lang_tests/typechecking/calls/call_wrongarg.rna:39:18:39:19
  :     take_boolptr(i);
  :                  ^ pointer type mismatch
  .
 == Note: expected type bool*<free> based on argument 1
  :     take_boolptr(i);
  :     ^^^^^^^^^^^^^^^  --- compile/lang_tests/typechecking/calls/call_wrongarg.rna:39:5
  .
 == Note: got conflicting type int for variable 'i'
  : fun f(i: int, b: bool, s: SomeStruct) {
  :       ^^^^^^  --- compile/lang_tests/typechecking/calls/call_wrongarg.rna:13:7


Error[E-T_PTR_NONPTR]: Expected a compatible pointer type, but got SomeStruct in variable 's'
at compile/lang_tests/typechecking/calls/call_wrongarg.rna:40:18:40:19
  :     take_boolptr(s);
  :                  ^ pointer type mismatch
  .
 == Note: expected type bool*<free> based on argument 1
  :     take_boolptr(s);
  :     ^^^^^^^^^^^^^^^  --- compile/lang_tests/typechecking/calls/call_wrongarg.rna:40:5
  .
 == Note: got conflicting type SomeStruct for variable 's'
  : fun f(i: int, b: bool, s: SomeStruct) {
  :                        ^^^^^^^^^^^^^  --- compile/lang_tests/typechecking/calls/call_wrongarg.rna:13:24


Error[E-T_ASGN_NOREL]: Expected bool but got int in variable 'i'
at compile/lang_tests/typechecking/calls/call_wrongarg.rna:41:18:41:19
  :     take_boolptr(i.&);
  :                  ^ type mismatch
  .
 == Note: expected type bool based on dereferenced type
  :     take_boolptr(i.&);
  :                  ^^^  --- compile/lang_tests/typechecking/calls/call_wrongarg.rna:41:18
  .
 == Note: got conflicting type int for variable 'i'
  : fun f(i: int, b: bool, s: SomeStruct) {
  :       ^^^^^^  --- compile/lang_tests/typechecking/calls/call_wrongarg.rna:13:7


Error[E-T_ASGN_NOREL]: Expected bool but got SomeStruct in variable 's'
at compile/lang_tests/typechecking/calls/call_wrongarg.rna:42:18:42:19
  :     take_boolptr(s.&);
  :                  ^ type mismatch
  .
 == Note: expected type bool based on dereferenced type
  :     take_boolptr(s.&);
  :                  ^^^  --- compile/lang_tests/typechecking/calls/call_wrongarg.rna:42:18
  .
 == Note: got conflicting type SomeStruct for variable 's'
  : fun f(i: int, b: bool, s: SomeStruct) {
  :                        ^^^^^^^^^^^^^  --- compile/lang_tests/typechecking/calls/call_wrongarg.rna:13:24


Error[E-T_PTR_NONPTR]: Expected a compatible pointer type, but got int in variable 'i'
at compile/lang_tests/typechecking/calls/call_wrongarg.rna:44:20:44:21
  :     take_structptr(i);
  :                    ^ pointer type mismatch
  .
 == Note: expected type SomeStruct*<free> based on argument 1
  :     take_structptr(i);
  :     ^^^^^^^^^^^^^^^^^  --- compile/lang_tests/typechecking/calls/call_wrongarg.rna:44:5
  .
 == Note: got conflicting type int for variable 'i'
  : fun f(i: int, b: bool, s: SomeStruct) {
  :       ^^^^^^  --- compile/lang_tests/typechecking/calls/call_wrongarg.rna:13:7


Error[E-T_PTR_NONPTR]: Expected a compatible pointer type, but got bool in variable 'b'
at compile/lang_tests/typechecking/calls/call_wrongarg.rna:45:20:45:21
  :     take_structptr(b);
  :                    ^ pointer type mismatch
  .
 == Note: expected type SomeStruct*<free> based on argument 1
  :     take_structptr(b);
  :     ^^^^^^^^^^^^^^^^^  --- compile/lang_tests/typechecking/calls/call_wrongarg.rna:45:5
  .
 == Note: got conflicting type bool for variable 'b'
  : fun f(i: int, b: bool, s: SomeStruct) {
  :               ^^^^^^^  --- compile/lang_tests/typechecking/calls/call_wrongarg.rna:13:15


Error[E-T_PTR_NONPTR]: Expected a compatible pointer type, but got SomeStruct in variable 's'
at compile/lang_tests/typechecking/calls/call_wrongarg.rna:46:20:46:21
  :     take_structptr(s);
  :                    ^ pointer type mismatch
  .
 == Note: expected type SomeStruct*<free> based on argument 1
  :     take_structptr(s);
  :     ^^^^^^^^^^^^^^^^^  --- compile/lang_tests/typechecking/calls/call_wrongarg.rna:46:5
  .
 == Note: got conflicting type SomeStruct for variable 's'
  : fun f(i: int, b: bool, s: SomeStruct) {
  :                        ^^^^^^^^^^^^^  --- compile/lang_tests/typechecking/calls/call_wrongarg.rna:13:24


Error[E-T_ASGN_NOREL]: Expected SomeStruct but got int in variable 'i'
at compile/lang_tests/typechecking/calls/call_wrongarg.rna:47:20:47:21
  :     take_structptr(i.&);
  :                    ^ type mismatch
  .
 == Note: expected type SomeStruct based on dereferenced type
  :     take_structptr(i.&);
  :                    ^^^  --- compile/lang_tests/typechecking/calls/call_wrongarg.rna:47:20
  .
 == Note: got conflicting type int for variable 'i'
  : fun f(i: int, b: bool, s: SomeStruct) {
  :       ^^^^^^  --- compile/lang_tests/typechecking/calls/call_wrongarg.rna:13:7


Error[E-T_ASGN_NOREL]: Expected SomeStruct but got bool in variable 'b'
at compile/lang_tests/typechecking/calls/call_wrongarg.rna:48:20:48:21
  :     take_structptr(b.&);
  :                    ^ type mismatch
  .
 == Note: expected type SomeStruct based on dereferenced type
  :     take_structptr(b.&);
  :                    ^^^  --- compile/lang_tests/typechecking/calls/call_wrongarg.rna:48:20
  .
 == Note: got conflicting type bool for variable 'b'
  : fun f(i: int, b: bool, s: SomeStruct) {
  :               ^^^^^^^  --- compile/lang_tests/typechecking/calls/call_wrongarg.rna:13:15


Error[E-T_ASGN_NOREL]: Expected int but got bool in variable 'b'
at compile/lang_tests/typechecking/calls/call_wrongarg.rna:50:14:50:15
  :     take_all(b, b, s, i.&, b.&, s.&);
  :              ^ type mismatch
  .
 == Note: expected type int based on argument 1
  :     take_all(b, b, s, i.&, b.&, s.&);
  :     ^^^^^^^^^^^^^^^^^^^^^^^^^^^^^^^^  --- compile/lang_tests/typechecking/calls/call_wrongarg.rna:50:5
  .
 == Note: got conflicting type bool for variable 'b'
  : fun f(i: int, b: bool, s: SomeStruct) {
  :               ^^^^^^^  --- compile/lang_tests/typechecking/calls/call_wrongarg.rna:13:15


Error[E-T_ASGN_NOREL]: Expected bool but got int in variable 'i'
at compile/lang_tests/typechecking/calls/call_wrongarg.rna:51:17:51:18
  :     take_all(i, i, s, i.&, b.&, s.&);
  :                 ^ type mismatch
  .
 == Note: expected type bool based on argument 2
  :     take_all(i, i, s, i.&, b.&, s.&);
  :     ^^^^^^^^^^^^^^^^^^^^^^^^^^^^^^^^  --- compile/lang_tests/typechecking/calls/call_wrongarg.rna:51:5
  .
 == Note: got conflicting type int for variable 'i'
  : fun f(i: int, b: bool, s: SomeStruct) {
  :       ^^^^^^  --- compile/lang_tests/typechecking/calls/call_wrongarg.rna:13:7


Error[E-T_ASGN_NOREL]: Expected SomeStruct but got bool in variable 'b'
at compile/lang_tests/typechecking/calls/call_wrongarg.rna:52:20:52:21
  :     take_all(i, b, b, i.&, b.&, s.&);
  :                    ^ type mismatch
  .
 == Note: expected type SomeStruct based on argument 3
  :     take_all(i, b, b, i.&, b.&, s.&);
  :     ^^^^^^^^^^^^^^^^^^^^^^^^^^^^^^^^  --- compile/lang_tests/typechecking/calls/call_wrongarg.rna:52:5
  .
 == Note: got conflicting type bool for variable 'b'
  : fun f(i: int, b: bool, s: SomeStruct) {
  :               ^^^^^^^  --- compile/lang_tests/typechecking/calls/call_wrongarg.rna:13:15


Error[E-T_PTR_NONPTR]: Expected a compatible pointer type, but got SomeStruct in variable 's'
at compile/lang_tests/typechecking/calls/call_wrongarg.rna:53:23:53:24
  :     take_all(i, b, s, s, b.&, s.&);
  :                       ^ pointer type mismatch
  .
 == Note: expected type int*<free> based on argument 4
  :     take_all(i, b, s, s, b.&, s.&);
  :     ^^^^^^^^^^^^^^^^^^^^^^^^^^^^^^  --- compile/lang_tests/typechecking/calls/call_wrongarg.rna:53:5
  .
 == Note: got conflicting type SomeStruct for variable 's'
  : fun f(i: int, b: bool, s: SomeStruct) {
  :                        ^^^^^^^^^^^^^  --- compile/lang_tests/typechecking/calls/call_wrongarg.rna:13:24


Error[E-T_ASGN_NOREL]: Expected bool but got int in variable 'i'
at compile/lang_tests/typechecking/calls/call_wrongarg.rna:54:28:54:29
  :     take_all(i, b, s, i.&, i.&, s.&);
  :                            ^ type mismatch
  .
 == Note: expected type bool based on dereferenced type
  :     take_all(i, b, s, i.&, i.&, s.&);
  :                            ^^^  --- compile/lang_tests/typechecking/calls/call_wrongarg.rna:54:28
  .
 == Note: got conflicting type int for variable 'i'
  : fun f(i: int, b: bool, s: SomeStruct) {
  :       ^^^^^^  --- compile/lang_tests/typechecking/calls/call_wrongarg.rna:13:7


Error[E-T_ASGN_NOREL]: Expected SomeStruct but got bool in variable 'b'
at compile/lang_tests/typechecking/calls/call_wrongarg.rna:55:33:55:34
  :     take_all(i, b, s, i.&, b.&, b.&);
  :                                 ^ type mismatch
  .
 == Note: expected type SomeStruct based on dereferenced type
  :     take_all(i, b, s, i.&, b.&, b.&);
  :                                 ^^^  --- compile/lang_tests/typechecking/calls/call_wrongarg.rna:55:33
  .
 == Note: got conflicting type bool for variable 'b'
  : fun f(i: int, b: bool, s: SomeStruct) {
  :               ^^^^^^^  --- compile/lang_tests/typechecking/calls/call_wrongarg.rna:13:15
