
Error[E-R_ID_UNKN]: Unresolved identifier doesnt_exist
at compile/lang_tests/typechecking/calls/call_unknown.rna:5:5:5:17
  :     doesnt_exist(); // E-R_ID_UNKN
  :     ^^^^^^^^^^^^ For this identifier expression


Error[E-R_VAR_AMBG]: Identifier g is ambiguous as it could refer to a function or a variable
at compile/lang_tests/typechecking/calls/call_unknown.rna:12:5:12:6
  :     g(); // E-R_VAR_AMBG
  :     ^ For this identifier expression


Error[E-R_UNKN_FUNC]: Unknown target function in call expression
at compile/lang_tests/typechecking/calls/call_unknown.rna:9:5:9:8
  :     x(); // E-R_UNKN_FUNC
  :     ^^^ In function call expression here
call_unknown.rna:9:5
  :     x(); // E-R_UNKN_FUNC
  :     ^ target of call here
